
> client@0.1.0 build
> react-scripts build

Creating an optimized production build...
Compiled with warnings.

[eslint] 
src\App.js
  Line 21:9:  'location' is assigned a value but never used  no-unused-vars

src\components\AppointmentCard\AppointmentCard.js
  Line 9:3:   'IconButton' is defined but never used  no-unused-vars
  Line 10:3:  'Tooltip' is defined but never used     no-unused-vars
  Line 11:3:  'Avatar' is defined but never used      no-unused-vars
  Line 22:3:  'Schedule' is defined but never used    no-unused-vars

src\components\AppointmentsList\AppointmentsList.js
  Line 41:6:  React Hook useEffect has a missing dependency: 'fetchAppointments'. Either include it or remove the dependency array  react-hooks/exhaustive-deps

src\components\DashboardLayout\DashboardLayout.js
  Line 28:17:  'MedicineIcon' is defined but never used  no-unused-vars

src\components\NavBar\NavBar.js
  Line 41:3:  'Clinic' is defined but never used  no-unused-vars

src\pages\AdminDashboard\AdminDashboard.js
  Line 1:37:  'useState' is defined but never used           no-unused-vars
  Line 9:3:   'Paper' is defined but never used              no-unused-vars
  Line 11:3:  'Slide' is defined but never used              no-unused-vars
  Line 28:9:  'isMobile' is assigned a value but never used  no-unused-vars

src\pages\Appointments\Appointments.js
  Line 1:27:    'useEffect' is defined but never used          no-unused-vars
  Line 8:3:     'Card' is defined but never used               no-unused-vars
  Line 9:3:     'CardContent' is defined but never used        no-unused-vars
  Line 14:3:    'Chip' is defined but never used               no-unused-vars
  Line 22:3:    'MedicalServices' is defined but never used    no-unused-vars
  Line 23:3:    'AccessTime' is defined but never used         no-unused-vars
  Line 24:3:    'LocationOn' is defined but never used         no-unused-vars
  Line 25:3:    'Person' is defined but never used             no-unused-vars
  Line 174:13:  'response' is assigned a value but never used  no-unused-vars

src\pages\CNAM\CNAM.js
  Line 1:27:   'useEffect' is defined but never used               no-unused-vars
  Line 14:3:   'InputAdornment' is defined but never used          no-unused-vars
  Line 18:3:   'LinearProgress' is defined but never used          no-unused-vars
  Line 26:3:   'Search' is defined but never used                  no-unused-vars
  Line 30:3:   'LocationOn' is defined but never used              no-unused-vars
  Line 31:3:   'Security' is defined but never used                no-unused-vars
  Line 32:3:   'HealthAndSafety' is defined but never used         no-unused-vars
  Line 33:3:   'Description' is defined but never used             no-unused-vars
  Line 34:3:   'Calculate' is defined but never used               no-unused-vars
  Line 35:3:   'Receipt' is defined but never used                 no-unused-vars
  Line 38:3:   'Policy' is defined but never used                  no-unused-vars
  Line 39:3:   'Payment' is defined but never used                 no-unused-vars
  Line 40:3:   'CheckCircle' is defined but never used             no-unused-vars
  Line 41:3:   'Warning' is defined but never used                 no-unused-vars
  Line 42:3:   'Info' is defined but never used                    no-unused-vars
  Line 48:9:   'isMobile' is assigned a value but never used       no-unused-vars
  Line 49:10:  'searchTerm' is assigned a value but never used     no-unused-vars
  Line 49:22:  'setSearchTerm' is assigned a value but never used  no-unused-vars

src\pages\CnamTracking\CnamTracking.js
  Line 25:3:  'CheckCircle' is defined but never used  no-unused-vars
  Line 26:3:  'Schedule' is defined but never used     no-unused-vars
  Line 27:3:  'Done' is defined but never used         no-unused-vars

src\pages\DoctorDashboard\DoctorDashboard.js
  Line 13:3:  'Table' is defined but never used           no-unused-vars
  Line 14:3:  'TableBody' is defined but never used       no-unused-vars
  Line 15:3:  'TableCell' is defined but never used       no-unused-vars
  Line 16:3:  'TableContainer' is defined but never used  no-unused-vars
  Line 17:3:  'TableHead' is defined but never used       no-unused-vars
  Line 18:3:  'TableRow' is defined but never used        no-unused-vars
  Line 19:3:  'Paper' is defined but never used           no-unused-vars
  Line 30:3:  'Divider' is defined but never used         no-unused-vars
  Line 36:3:  'Edit' is defined but never used            no-unused-vars
  Line 37:3:  'Delete' is defined but never used          no-unused-vars

src\pages\Doctors\Doctors.js
  Line 26:3:  'LocationOn' is defined but never used                                                                          no-unused-vars
  Line 27:3:  'Star' is defined but never used                                                                                no-unused-vars
  Line 28:3:  'AccessTime' is defined but never used                                                                          no-unused-vars
  Line 30:3:  'Science' is defined but never used                                                                             no-unused-vars
  Line 36:9:  'isMobile' is assigned a value but never used                                                                   no-unused-vars
  Line 93:6:  React Hook useEffect has a missing dependency: 'mockDoctors'. Either include it or remove the dependency array  react-hooks/exhaustive-deps

src\pages\GestionDesComptes\GestionDesComptes.js
  Line 3:8:    'axios' is defined but never used                                                                                no-unused-vars
  Line 21:3:   'IconButton' is defined but never used                                                                           no-unused-vars
  Line 22:3:   'Tooltip' is defined but never used                                                                              no-unused-vars
  Line 41:3:   'Edit' is defined but never used                                                                                 no-unused-vars
  Line 42:3:   'Delete' is defined but never used                                                                               no-unused-vars
  Line 44:3:   'Inventory' is defined but never used                                                                            no-unused-vars
  Line 45:3:   'Assignment' is defined but never used                                                                           no-unused-vars
  Line 53:3:   'FilterList' is defined but never used                                                                           no-unused-vars
  Line 55:3:   'AccessTime' is defined but never used                                                                           no-unused-vars
  Line 56:3:   'TrendingUp' is defined but never used                                                                           no-unused-vars
  Line 62:9:   'isMobile' is assigned a value but never used                                                                    no-unused-vars
  Line 339:6:  React Hook useEffect has a missing dependency: 'fetchComptes'. Either include it or remove the dependency array  react-hooks/exhaustive-deps

src\pages\Home\Home.js
  Line 1:17:  'useEffect' is defined but never used            no-unused-vars
  Line 1:37:  'useState' is defined but never used             no-unused-vars
  Line 11:3:  'Fade' is defined but never used                 no-unused-vars
  Line 18:3:  'Timeline' is defined but never used             no-unused-vars
  Line 19:3:  'TimelineItem' is defined but never used         no-unused-vars
  Line 20:3:  'TimelineSeparator' is defined but never used    no-unused-vars
  Line 21:3:  'TimelineConnector' is defined but never used    no-unused-vars
  Line 22:3:  'TimelineContent' is defined but never used      no-unused-vars
  Line 23:3:  'TimelineDot' is defined but never used          no-unused-vars
  Line 25:3:  'Accordion' is defined but never used            no-unused-vars
  Line 26:3:  'AccordionSummary' is defined but never used     no-unused-vars
  Line 27:3:  'AccordionDetails' is defined but never used     no-unused-vars
  Line 30:3:  'ListItemIcon' is defined but never used         no-unused-vars
  Line 31:3:  'ListItemText' is defined but never used         no-unused-vars
  Line 32:3:  'Divider' is defined but never used              no-unused-vars
  Line 34:3:  'Dialog' is defined but never used               no-unused-vars
  Line 35:3:  'DialogTitle' is defined but never used          no-unused-vars
  Line 36:3:  'DialogContent' is defined but never used        no-unused-vars
  Line 37:3:  'DialogActions' is defined but never used        no-unused-vars
  Line 38:3:  'TextField' is defined but never used            no-unused-vars
  Line 48:3:  'TrendingUp' is defined but never used           no-unused-vars
  Line 49:3:  'AccessTime' is defined but never used           no-unused-vars
  Line 62:3:  'CalendarToday' is defined but never used        no-unused-vars
  Line 63:3:  'Assignment' is defined but never used           no-unused-vars
  Line 64:3:  'Schedule' is defined but never used             no-unused-vars
  Line 65:3:  'ExpandMore' is defined but never used           no-unused-vars
  Line 67:3:  'Support' is defined but never used              no-unused-vars
  Line 68:3:  'Campaign' is defined but never used             no-unused-vars
  Line 69:3:  'Lightbulb' is defined but never used            no-unused-vars
  Line 71:3:  'Target' is defined but never used               no-unused-vars
  Line 72:3:  'Handshake' is defined but never used            no-unused-vars
  Line 73:3:  'Favorite' is defined but never used             no-unused-vars
  Line 74:3:  'NotificationsActive' is defined but never used  no-unused-vars
  Line 75:3:  'Edit' is defined but never used                 no-unused-vars
  Line 76:3:  'Save' is defined but never used                 no-unused-vars
  Line 77:3:  'Cancel' is defined but never used               no-unused-vars
  Line 78:3:  'AccountBalance' is defined but never used       no-unused-vars
  Line 79:3:  'Storage' is defined but never used              no-unused-vars
  Line 86:9:  'isMobile' is assigned a value but never used    no-unused-vars
  Line 97:9:  'isAdmin' is assigned a value but never used     no-unused-vars

src\pages\Hospitals\Hospitals.js
  Line 26:3:  'LocationOn' is defined but never used                                                                            no-unused-vars
  Line 27:3:  'AccessTime' is defined but never used                                                                            no-unused-vars
  Line 29:3:  'People' is defined but never used                                                                                no-unused-vars
  Line 30:3:  'Star' is defined but never used                                                                                  no-unused-vars
  Line 32:3:  'MedicalServices' is defined but never used                                                                       no-unused-vars
  Line 33:3:  'MonitorHeart' is defined but never used                                                                          no-unused-vars
  Line 38:9:  'isMobile' is assigned a value but never used                                                                     no-unused-vars
  Line 98:6:  React Hook useEffect has a missing dependency: 'mockHospitals'. Either include it or remove the dependency array  react-hooks/exhaustive-deps

src\pages\Login\Login.js
  Line 26:3:  'Person' is defined but never used  no-unused-vars

src\pages\MedicineReserve\MedicineReserve.js
  Line 3:8:    'axios' is defined but never used                                                                         no-unused-vars
  Line 23:3:   'Badge' is defined but never used                                                                         no-unused-vars
  Line 31:3:   'LocationOn' is defined but never used                                                                    no-unused-vars
  Line 32:3:   'Medication' is defined but never used                                                                    no-unused-vars
  Line 34:3:   'AccessTime' is defined but never used                                                                    no-unused-vars
  Line 37:3:   'History' is defined but never used                                                                       no-unused-vars
  Line 38:3:   'TrendingUp' is defined but never used                                                                    no-unused-vars
  Line 43:3:   'Close' is defined but never used                                                                         no-unused-vars
  Line 44:3:   'Refresh' is defined but never used                                                                       no-unused-vars
  Line 45:3:   'Settings' is defined but never used                                                                      no-unused-vars
  Line 46:3:   'Notifications' is defined but never used                                                                 no-unused-vars
  Line 47:3:   'MonitorHeart' is defined but never used                                                                  no-unused-vars
  Line 48:3:   'Science' is defined but never used                                                                       no-unused-vars
  Line 49:3:   'HealthAndSafety' is defined but never used                                                               no-unused-vars
  Line 58:9:   'isMobile' is assigned a value but never used                                                             no-unused-vars
  Line 62:10:  'coords' is assigned a value but never used                                                               no-unused-vars
  Line 67:10:  'locationLoading' is assigned a value but never used                                                      no-unused-vars
  Line 71:10:  'notificationCount' is assigned a value but never used                                                    no-unused-vars
  Line 71:29:  'setNotificationCount' is assigned a value but never used                                                 no-unused-vars
  Line 156:6:  React Hook useEffect has a missing dependency: 'token'. Either include it or remove the dependency array  react-hooks/exhaustive-deps
  Line 158:9:  'requestLocation' is assigned a value but never used                                                      no-unused-vars

src\pages\PharmacyDashboard\PharmacyDashboard.js
  Line 36:3:  'EventAvailable' is defined but never used  no-unused-vars

Search for the keywords to learn more about each warning.
To ignore, add // eslint-disable-next-line to the line before.

File sizes after gzip:

  243.56 kB  build\static\js\main.d6ca3fb5.js
  972 B      build\static\css\main.84f70ba3.css

The project was built assuming it is hosted at /.
You can control this with the homepage field in your package.json.

The build folder is ready to be deployed.
You may serve it with a static server:

  npm install -g serve
  serve -s build

Find out more about deployment here:

  https://cra.link/deployment

